// Jest Snapshot v1, https://goo.gl/fbAQLP

exports[`News Item should render correctly in "debug" mode 1`] = `ShallowWrapper {}`;
