// Jest Snapshot v1, https://goo.gl/fbAQLP

exports[`News Feed should render correctly 1`] = `ShallowWrapper {}`;
